2026-05-15 13:15:44.993 +00:00 [INF] Acquiring an exclusive lock for migration application. See https://aka.ms/efcore-docs-migrations-lock for more information if this takes too long.
2026-05-15 13:15:45.134 +00:00 [INF] Applying migration '20260510103813_Initial'.
2026-05-15 13:15:45.262 +00:00 [WRN] No XML encryptor configured. Key {062fbd91-4231-497c-87a5-34d391452158} may be persisted to storage in unencrypted form.
2026-05-15 13:15:45.325 +00:00 [WRN] Overriding HTTP_PORTS '8080' and HTTPS_PORTS ''. Binding to values defined by URLS instead 'http://+:8080'.
2026-05-15 13:15:45.516 +00:00 [WRN] Overriding address(es) 'http://+:8080'. Binding to endpoints defined via IConfiguration and/or UseKestrel() instead.
2026-05-15 13:15:45.526 +00:00 [INF] Now listening on: http://0.0.0.0:8080
2026-05-15 13:15:45.528 +00:00 [INF] Application started. Press Ctrl+C to shut down.
2026-05-15 13:15:45.529 +00:00 [INF] Hosting environment: Production
2026-05-15 13:15:45.529 +00:00 [INF] Content root path: /app
2026-05-15 13:15:48.706 +00:00 [WRN] Failed to determine the https port for redirect.
2026-05-15 13:15:48.727 +00:00 [ERR] Health check disk_space with status "Unhealthy" completed after 2.4366ms with message 'Cannot read disk info'
System.IO.DriveNotFoundException: Could not find the drive '/app/data/artifacts'. The drive might not be ready or might not be mapped.
   at System.IO.DriveInfo.ThrowForError(Error error)
   at System.IO.DriveInfo.get_AvailableFreeSpace()
   at UpdateHub.Web.HealthChecks.DiskSpaceHealthCheck.CheckHealthAsync(HealthCheckContext context, CancellationToken cancellationToken) in /src/src/UpdateHub.Web/HealthChecks/DiskSpaceHealthCheck.cs:line 14
2026-05-15 13:15:53.858 +00:00 [ERR] Health check disk_space with status "Unhealthy" completed after 0.3744ms with message 'Cannot read disk info'
System.IO.DriveNotFoundException: Could not find the drive '/app/data/artifacts'. The drive might not be ready or might not be mapped.
   at System.IO.DriveInfo.ThrowForError(Error error)
   at System.IO.DriveInfo.get_AvailableFreeSpace()
   at UpdateHub.Web.HealthChecks.DiskSpaceHealthCheck.CheckHealthAsync(HealthCheckContext context, CancellationToken cancellationToken) in /src/src/UpdateHub.Web/HealthChecks/DiskSpaceHealthCheck.cs:line 14
2026-05-15 13:15:58.986 +00:00 [ERR] Health check disk_space with status "Unhealthy" completed after 0.3887ms with message 'Cannot read disk info'
System.IO.DriveNotFoundException: Could not find the drive '/app/data/artifacts'. The drive might not be ready or might not be mapped.
   at System.IO.DriveInfo.ThrowForError(Error error)
   at System.IO.DriveInfo.get_AvailableFreeSpace()
   at UpdateHub.Web.HealthChecks.DiskSpaceHealthCheck.CheckHealthAsync(HealthCheckContext context, CancellationToken cancellationToken) in /src/src/UpdateHub.Web/HealthChecks/DiskSpaceHealthCheck.cs:line 14
2026-05-15 13:16:00.576 +00:00 [ERR] Health check disk_space with status "Unhealthy" completed after 0.3382ms with message 'Cannot read disk info'
System.IO.DriveNotFoundException: Could not find the drive '/app/data/artifacts'. The drive might not be ready or might not be mapped.
   at System.IO.DriveInfo.ThrowForError(Error error)
   at System.IO.DriveInfo.get_AvailableFreeSpace()
   at UpdateHub.Web.HealthChecks.DiskSpaceHealthCheck.CheckHealthAsync(HealthCheckContext context, CancellationToken cancellationToken) in /src/src/UpdateHub.Web/HealthChecks/DiskSpaceHealthCheck.cs:line 14
2026-05-15 13:16:00.632 +00:00 [ERR] Health check disk_space with status "Unhealthy" completed after 0.3559ms with message 'Cannot read disk info'
System.IO.DriveNotFoundException: Could not find the drive '/app/data/artifacts'. The drive might not be ready or might not be mapped.
   at System.IO.DriveInfo.ThrowForError(Error error)
   at System.IO.DriveInfo.get_AvailableFreeSpace()
   at UpdateHub.Web.HealthChecks.DiskSpaceHealthCheck.CheckHealthAsync(HealthCheckContext context, CancellationToken cancellationToken) in /src/src/UpdateHub.Web/HealthChecks/DiskSpaceHealthCheck.cs:line 14
2026-05-15 13:16:04.080 +00:00 [ERR] Health check disk_space with status "Unhealthy" completed after 0.4551ms with message 'Cannot read disk info'
System.IO.DriveNotFoundException: Could not find the drive '/app/data/artifacts'. The drive might not be ready or might not be mapped.
   at System.IO.DriveInfo.ThrowForError(Error error)
   at System.IO.DriveInfo.get_AvailableFreeSpace()
   at UpdateHub.Web.HealthChecks.DiskSpaceHealthCheck.CheckHealthAsync(HealthCheckContext context, CancellationToken cancellationToken) in /src/src/UpdateHub.Web/HealthChecks/DiskSpaceHealthCheck.cs:line 14
2026-05-15 13:16:09.158 +00:00 [ERR] Health check disk_space with status "Unhealthy" completed after 0.3401ms with message 'Cannot read disk info'
System.IO.DriveNotFoundException: Could not find the drive '/app/data/artifacts'. The drive might not be ready or might not be mapped.
   at System.IO.DriveInfo.ThrowForError(Error error)
   at System.IO.DriveInfo.get_AvailableFreeSpace()
   at UpdateHub.Web.HealthChecks.DiskSpaceHealthCheck.CheckHealthAsync(HealthCheckContext context, CancellationToken cancellationToken) in /src/src/UpdateHub.Web/HealthChecks/DiskSpaceHealthCheck.cs:line 14
2026-05-15 13:16:14.257 +00:00 [ERR] Health check disk_space with status "Unhealthy" completed after 0.6359ms with message 'Cannot read disk info'
System.IO.DriveNotFoundException: Could not find the drive '/app/data/artifacts'. The drive might not be ready or might not be mapped.
   at System.IO.DriveInfo.ThrowForError(Error error)
   at System.IO.DriveInfo.get_AvailableFreeSpace()
   at UpdateHub.Web.HealthChecks.DiskSpaceHealthCheck.CheckHealthAsync(HealthCheckContext context, CancellationToken cancellationToken) in /src/src/UpdateHub.Web/HealthChecks/DiskSpaceHealthCheck.cs:line 14
2026-05-15 13:16:44.319 +00:00 [ERR] Health check disk_space with status "Unhealthy" completed after 0.417ms with message 'Cannot read disk info'
System.IO.DriveNotFoundException: Could not find the drive '/app/data/artifacts'. The drive might not be ready or might not be mapped.
   at System.IO.DriveInfo.ThrowForError(Error error)
   at System.IO.DriveInfo.get_AvailableFreeSpace()
   at UpdateHub.Web.HealthChecks.DiskSpaceHealthCheck.CheckHealthAsync(HealthCheckContext context, CancellationToken cancellationToken) in /src/src/UpdateHub.Web/HealthChecks/DiskSpaceHealthCheck.cs:line 14
2026-05-15 13:17:06.352 +00:00 [INF] Application is shutting down...
2026-05-15 13:17:07.717 +00:00 [INF] Acquiring an exclusive lock for migration application. See https://aka.ms/efcore-docs-migrations-lock for more information if this takes too long.
2026-05-15 13:17:07.832 +00:00 [INF] No migrations were applied. The database is already up to date.
2026-05-15 13:17:07.890 +00:00 [WRN] Overriding HTTP_PORTS '8080' and HTTPS_PORTS ''. Binding to values defined by URLS instead 'http://+:8080'.
2026-05-15 13:17:08.032 +00:00 [WRN] Overriding address(es) 'http://+:8080'. Binding to endpoints defined via IConfiguration and/or UseKestrel() instead.
2026-05-15 13:17:08.041 +00:00 [INF] Now listening on: http://0.0.0.0:8080
2026-05-15 13:17:08.042 +00:00 [INF] Application started. Press Ctrl+C to shut down.
2026-05-15 13:17:08.042 +00:00 [INF] Hosting environment: Production
2026-05-15 13:17:08.043 +00:00 [INF] Content root path: /app
2026-05-15 13:17:12.062 +00:00 [WRN] Failed to determine the https port for redirect.
2026-05-15 13:22:27.909 +00:00 [INF] Application is shutting down...
2026-05-15 13:22:29.206 +00:00 [INF] Acquiring an exclusive lock for migration application. See https://aka.ms/efcore-docs-migrations-lock for more information if this takes too long.
2026-05-15 13:22:29.319 +00:00 [INF] No migrations were applied. The database is already up to date.
2026-05-15 13:22:29.369 +00:00 [WRN] Overriding HTTP_PORTS '8080' and HTTPS_PORTS ''. Binding to values defined by URLS instead 'http://+:8080'.
2026-05-15 13:22:29.508 +00:00 [WRN] Overriding address(es) 'http://+:8080'. Binding to endpoints defined via IConfiguration and/or UseKestrel() instead.
2026-05-15 13:22:29.516 +00:00 [INF] Now listening on: http://0.0.0.0:8080
2026-05-15 13:22:29.517 +00:00 [INF] Application started. Press Ctrl+C to shut down.
2026-05-15 13:22:29.518 +00:00 [INF] Hosting environment: Production
2026-05-15 13:22:29.518 +00:00 [INF] Content root path: /app
2026-05-15 13:22:33.567 +00:00 [WRN] Failed to determine the https port for redirect.
2026-05-15 13:23:05.764 +00:00 [WRN] Compiling a query which loads related collections for more than one collection navigation, either via 'Include' or through projection, but no 'QuerySplittingBehavior' has been configured. By default, Entity Framework will use 'QuerySplittingBehavior.SingleQuery', which can potentially result in slow query performance. See https://go.microsoft.com/fwlink/?linkid=2134277 for more information. To identify the query that's triggering this warning call 'ConfigureWarnings(w => w.Throw(RelationalEventId.MultipleCollectionIncludeWarning))'.
2026-05-15 13:33:44.965 +00:00 [INF] Application is shutting down...
2026-05-15 13:33:46.271 +00:00 [INF] Acquiring an exclusive lock for migration application. See https://aka.ms/efcore-docs-migrations-lock for more information if this takes too long.
2026-05-15 13:33:46.426 +00:00 [INF] No migrations were applied. The database is already up to date.
2026-05-15 13:33:46.473 +00:00 [WRN] Overriding HTTP_PORTS '8080' and HTTPS_PORTS ''. Binding to values defined by URLS instead 'http://+:8080'.
2026-05-15 13:33:46.602 +00:00 [WRN] Overriding address(es) 'http://+:8080'. Binding to endpoints defined via IConfiguration and/or UseKestrel() instead.
2026-05-15 13:33:46.611 +00:00 [INF] Now listening on: http://0.0.0.0:8080
2026-05-15 13:33:46.612 +00:00 [INF] Application started. Press Ctrl+C to shut down.
2026-05-15 13:33:46.612 +00:00 [INF] Hosting environment: Production
2026-05-15 13:33:46.613 +00:00 [INF] Content root path: /app
2026-05-15 13:33:50.646 +00:00 [WRN] Failed to determine the https port for redirect.
